[kuon.space/index.html]
[kuon.space/assets/img/ogp.png]
[kuon.space/assets/css/jquery.fullPage.css]
[kuon.space/assets/css/common.css]
[use.fontawesome.com/releases/v5.0.6/css/all.css]
[kuon.space/favicon.ico]
[kuon.space/apple-touch-icon.png]
[kuon.space/awwwards.css]
[backblue.gif]
[fade.gif]
[index.html]
[kuon.space/reile.html]
[kuon.space/about.html]
[kuon.space/assets/img/cloud1.svg]
[kuon.space/assets/img/b_cloud02.svg]
[kuon.space/assets/img/cloud2.svg]
[kuon.space/assets/img/moon.svg]
[kuon.space/assets/img/cloud3.svg]
[kuon.space/assets/img/b_cloud01.svg]
[kuon.space/assets/img/star.svg]
[ajax.googleapis.com/ajax/libs/jquery/3.3.1/jquery.min.js]
[kuon.space/assets/js/jquery.fullPage.js]
[cdnjs.cloudflare.com/ajax/libs/animejs/2.2.0/anime.min.js]
[kuon.space/assets/js/parallax.js]
[cdnjs.cloudflare.com/ajax/libs/barba.js/1.0.0/barba.min.js]
[kuon.space/assets/js/common.min.js]
[kuon.space/index.html]
[kuon.space/assets/css/jquery.fullPage.css]
[kuon.space/assets/font/Futura-Med.woff]
[kuon.space/assets/font/Futura-Med.eot]
[kuon.space/assets/font/Futura-Boo.eot]
[kuon.space/assets/font/Futura-Boo.woff]
[kuon.space/assets/font/Futura-Bol.woff]
[kuon.space/assets/font/Futura-Bol.eot]
[kuon.space/assets/font/Futura-Dem.woff]
[kuon.space/assets/img/reile.jpg]
[kuon.space/assets/img/about.jpg]
[kuon.space/assets/font/Futura-Dem.eot]
[kuon.space/assets/img/contact.jpg]
[kuon.space/assets/img/moonlight.svg]
[kuon.space/assets/img/Perspective.jpg]
[kuon.space/assets/css/common.css]
[use.fontawesome.com/releases/v5.0.6/css/all.css]
[kuon.space/ribbons/awwwards_honorable_black_left.png]
[kuon.space/ribbons/awwwards_honorable_black_right.png]
[kuon.space/ribbons/awwwards_honorable_silver_left.png]
[kuon.space/ribbons/awwwards_honorable_silver_right.png]
[kuon.space/ribbons/awwwards_honorable_white_left.png]
[kuon.space/ribbons/awwwards_honorable_white_right.png]
[kuon.space/ribbons/awwwards_honorable_green_left.png]
[kuon.space/ribbons/awwwards_honorable_green_right.png]
[kuon.space/ribbons/awwwards_honorable_black_left@2x.png]
[kuon.space/ribbons/awwwards_honorable_black_right@2x.png]
[kuon.space/ribbons/awwwards_honorable_silver_left@2x.png]
[kuon.space/ribbons/awwwards_honorable_silver_right@2x.png]
[kuon.space/ribbons/awwwards_honorable_white_left@2x.png]
[kuon.space/ribbons/awwwards_honorable_white_right@2x.png]
[kuon.space/ribbons/awwwards_honorable_green_left@2x.png]
[kuon.space/ribbons/awwwards_honorable_green_right@2x.png]
[kuon.space/awwwards.css]
[kuon.space/assets/img/mockup.png]
[kuon.space/assets/img/reile_top.jpg]
[kuon.space/assets/img/reile_about.jpg]
[kuon.space/reile.html]
[kuon.space/assets/img/portrait.jpg]
[kuon.space/assets/img/design-skills.svg]
[kuon.space/assets/img/tech.svg]
[kuon.space/assets/img/book-open.svg]
[kuon.space/assets/img/ai.svg]
[kuon.space/assets/img/sketch.svg]
[kuon.space/assets/img/abstract.svg]
[kuon.space/assets/img/ps.svg]
[kuon.space/assets/img/flinto.png]
[kuon.space/assets/img/html.svg]
[kuon.space/assets/img/pug.svg]
[kuon.space/assets/img/wp.svg]
[kuon.space/assets/img/sass.svg]
[kuon.space/assets/img/js.svg]
[kuon.space/about.html]
[kuon.space/assets/img/cloud1.svg]
[kuon.space/assets/img/b_cloud02.svg]
[kuon.space/assets/img/cloud2.svg]
[kuon.space/assets/img/moon.svg]
[kuon.space/assets/img/cloud3.svg]
[kuon.space/assets/img/b_cloud01.svg]
[kuon.space/assets/img/star.svg]
[kuon.space/assets/img/moonlight.svg]
[kuon.space/ribbons/awwwards_honorable_black_left.html]
[kuon.space/ribbons/awwwards_honorable_black_right.html]
[kuon.space/ribbons/awwwards_honorable_silver_left.html]
[kuon.space/ribbons/awwwards_honorable_silver_right.html]
[kuon.space/ribbons/awwwards_honorable_white_left.html]
[kuon.space/ribbons/awwwards_honorable_green_left.html]
[kuon.space/ribbons/awwwards_honorable_green_right.html]
[kuon.space/ribbons/awwwards_honorable_black_left@2x.html]
[kuon.space/ribbons/awwwards_honorable_black_right@2x.html]
[kuon.space/ribbons/awwwards_honorable_silver_left@2x.html]
[kuon.space/ribbons/awwwards_honorable_silver_right@2x.html]
[kuon.space/ribbons/awwwards_honorable_white_left@2x.html]
[kuon.space/ribbons/awwwards_honorable_green_left@2x.html]
[kuon.space/ribbons/awwwards_honorable_green_right@2x.html]
[kuon.space/assets/img/design-skills.svg]
[kuon.space/assets/img/tech.svg]
[kuon.space/assets/img/book-open.svg]
[kuon.space/assets/img/ai.svg]
[kuon.space/assets/img/sketch.svg]
[kuon.space/assets/img/abstract.svg]
[kuon.space/assets/img/ps.svg]
[kuon.space/assets/img/html.svg]
[kuon.space/assets/img/pug.svg]
[kuon.space/assets/img/wp.svg]
[kuon.space/assets/img/sass.svg]
[kuon.space/assets/img/js.svg]
